
 Start  Stop   Length Name               Class

 00000H 01438H 01439H _TEXT              CODE
 01440H 0184FH 00410H _DATA              DATA
 01850H 01853H 00004H _EMUSEG            DATA
 01854H 01855H 00002H _CRTSEG            DATA
 01856H 01857H 00002H _CVTSEG            DATA
 01858H 0185DH 00006H _SCNSEG            DATA
 0185EH 018A3H 00046H _BSS               BSS
 018A4H 018A4H 00000H _BSSEND            STACK

Detailed map of segments

0000:0000 02D8 C=CODE S=_TEXT G=DGROUP M=C0T ACBP=28
0000:02D8 000D C=CODE S=_TEXT G=(none) M=HOLA.C ACBP=28
0000:02E5 003B C=CODE S=_TEXT G=(none) M=IOERROR ACBP=28
0000:0320 0030 C=CODE S=_TEXT G=(none) M=EXIT ACBP=28
0000:0350 0000 C=CODE S=_TEXT G=(none) M=HEAPLEN ACBP=28
0000:0350 00F1 C=CODE S=_TEXT G=(none) M=SETARGV ACBP=28
0000:0441 004A C=CODE S=_TEXT G=(none) M=SETENVP ACBP=28
0000:048B 0000 C=CODE S=_TEXT G=(none) M=STKLEN ACBP=28
0000:048B 0026 C=CODE S=_TEXT G=(none) M=ATEXIT ACBP=28
0000:04B1 014D C=CODE S=_TEXT G=(none) M=MALLOC ACBP=28
0000:05FE 0078 C=CODE S=_TEXT G=(none) M=BRK ACBP=28
0000:0676 0000 C=CODE S=_TEXT G=(none) M=FILES ACBP=28
0000:0676 0000 C=CODE S=_TEXT G=(none) M=FILES2 ACBP=28
0000:0676 010A C=CODE S=_TEXT G=(none) M=FSEEK ACBP=28
0000:0780 0018 C=CODE S=_TEXT G=(none) M=ISATTY ACBP=28
0000:0798 00D2 C=CODE S=_TEXT G=(none) M=SETVBUF ACBP=28
0000:086A 0021 C=CODE S=_TEXT G=(none) M=XFFLUSH ACBP=28
0000:088B 0113 C=CODE S=_TEXT G=(none) M=WRITE ACBP=28
0000:099E 0046 C=CODE S=_TEXT G=(none) M=WRITEA ACBP=28
0000:09E4 002B C=CODE S=_TEXT G=(none) M=LSEEK ACBP=28
0000:0A0F 00EB C=CODE S=_TEXT G=(none) M=LTOA ACBP=28
0000:0AFA 0021 C=CODE S=_TEXT G=(none) M=CVTFAK ACBP=28
0000:0B1B 007E C=CODE S=_TEXT G=(none) M=FFLUSH ACBP=28
0000:0B99 0019 C=CODE S=_TEXT G=(none) M=PRINTF ACBP=28
0000:0BB2 0219 C=CODE S=_TEXT G=(none) M=PUTC ACBP=28
0000:0DCB 0004 C=CODE S=_TEXT G=(none) M=REALCVT ACBP=28
0000:0DCF 052C C=CODE S=_TEXT G=(none) M=VPRINTER ACBP=28
0000:12FB 013E C=CODE S=_TEXT G=(none) M=FREE ACBP=28
0144:0000 017B C=DATA S=_DATA G=DGROUP M=C0T ACBP=68
0144:017C 0014 C=DATA S=_DATA G=DGROUP M=HOLA.C ACBP=48
0144:0190 005B C=DATA S=_DATA G=(none) M=IOERROR ACBP=48
0144:01EC 0006 C=DATA S=_DATA G=DGROUP M=EXIT ACBP=48
0144:01F2 0002 C=DATA S=_DATA G=DGROUP M=HEAPLEN ACBP=48
0144:01F4 0000 C=DATA S=_DATA G=DGROUP M=SETARGV ACBP=48
0144:01F4 0000 C=DATA S=_DATA G=DGROUP M=SETENVP ACBP=48
0144:01F4 0002 C=DATA S=_DATA G=DGROUP M=STKLEN ACBP=48
0144:01F6 0002 C=DATA S=_DATA G=DGROUP M=ATEXIT ACBP=48
0144:01F8 0000 C=DATA S=_DATA G=DGROUP M=MALLOC ACBP=48
0144:01F8 0000 C=DATA S=_DATA G=(none) M=BRK ACBP=48
0144:01F8 0140 C=DATA S=_DATA G=DGROUP M=FILES ACBP=48
0144:0338 0028 C=DATA S=_DATA G=DGROUP M=FILES2 ACBP=48
0144:0360 0000 C=DATA S=_DATA G=DGROUP M=FSEEK ACBP=48
0144:0360 0000 C=DATA S=_DATA G=(none) M=ISATTY ACBP=48
0144:0360 0004 C=DATA S=_DATA G=DGROUP M=SETVBUF ACBP=48
0144:0364 0000 C=DATA S=_DATA G=DGROUP M=XFFLUSH ACBP=48
0144:0364 0000 C=DATA S=_DATA G=DGROUP M=WRITE ACBP=48
0144:0364 0000 C=DATA S=_DATA G=(none) M=WRITEA ACBP=48
0144:0364 0000 C=DATA S=_DATA G=(none) M=LSEEK ACBP=48
0144:0364 0000 C=DATA S=_DATA G=(none) M=LTOA ACBP=48
0144:0364 0031 C=DATA S=_DATA G=DGROUP M=CVTFAK ACBP=48
0144:0396 0000 C=DATA S=_DATA G=DGROUP M=FFLUSH ACBP=48
0144:0396 0000 C=DATA S=_DATA G=DGROUP M=PRINTF ACBP=48
0144:0396 0001 C=DATA S=_DATA G=DGROUP M=PUTC ACBP=48
0144:0398 0077 C=DATA S=_DATA G=DGROUP M=VPRINTER ACBP=48
0144:0410 0000 C=DATA S=_DATA G=DGROUP M=FREE ACBP=48
0185:0000 0004 C=DATA S=_EMUSEG G=DGROUP M=C0T ACBP=58
0185:0004 0002 C=DATA S=_CRTSEG G=DGROUP M=C0T ACBP=58
0185:0006 0000 C=DATA S=_CVTSEG G=DGROUP M=C0T ACBP=48
0185:0006 0002 C=DATA S=_CVTSEG G=(none) M=CVTFAK ACBP=48
0185:0008 0000 C=DATA S=_CVTSEG G=DGROUP M=REALCVT ACBP=48
0185:0008 0000 C=DATA S=_SCNSEG G=DGROUP M=C0T ACBP=48
0185:0008 0006 C=DATA S=_SCNSEG G=(none) M=CVTFAK ACBP=48
0185:000E 0000 C=BSS S=_BSS G=DGROUP M=C0T ACBP=48
0185:000E 0000 C=BSS S=_BSS G=DGROUP M=HOLA.C ACBP=48
0185:000E 0000 C=BSS S=_BSS G=DGROUP M=IOERROR ACBP=48
0185:000E 0000 C=BSS S=_BSS G=DGROUP M=EXIT ACBP=48
0185:000E 0000 C=BSS S=_BSS G=DGROUP M=HEAPLEN ACBP=48
0185:000E 0000 C=BSS S=_BSS G=DGROUP M=STKLEN ACBP=48
0185:000E 0040 C=BSS S=_BSS G=DGROUP M=ATEXIT ACBP=48
0185:004E 0006 C=BSS S=_BSS G=DGROUP M=MALLOC ACBP=48
0185:0054 0000 C=BSS S=_BSS G=DGROUP M=BRK ACBP=48
0185:0054 0000 C=BSS S=_BSS G=DGROUP M=FILES ACBP=48
0185:0054 0000 C=BSS S=_BSS G=DGROUP M=FILES2 ACBP=48
0185:0054 0000 C=BSS S=_BSS G=DGROUP M=FSEEK ACBP=48
0185:0054 0000 C=BSS S=_BSS G=DGROUP M=ISATTY ACBP=48
0185:0054 0000 C=BSS S=_BSS G=DGROUP M=SETVBUF ACBP=48
0185:0054 0000 C=BSS S=_BSS G=DGROUP M=XFFLUSH ACBP=48
0185:0054 0000 C=BSS S=_BSS G=DGROUP M=WRITE ACBP=48
0185:0054 0000 C=BSS S=_BSS G=DGROUP M=WRITEA ACBP=48
0185:0054 0000 C=BSS S=_BSS G=DGROUP M=LSEEK ACBP=48
0185:0054 0000 C=BSS S=_BSS G=DGROUP M=LTOA ACBP=48
0185:0054 0000 C=BSS S=_BSS G=DGROUP M=FFLUSH ACBP=48
0185:0054 0000 C=BSS S=_BSS G=DGROUP M=PRINTF ACBP=48
0185:0054 0000 C=BSS S=_BSS G=DGROUP M=PUTC ACBP=48
0185:0054 0000 C=BSS S=_BSS G=DGROUP M=VPRINTER ACBP=48
0185:0054 0000 C=BSS S=_BSS G=DGROUP M=FREE ACBP=48
018A:0004 0000 C=STACK S=_BSSEND G=DGROUP M=C0T ACBP=28

  Address         Publics by Name

 0000:02D6       DGROUP@
 0000:15AF       EMWS_ADJUST
 0000:15B3       EMWS_BPSAFE
 0000:15AB       EMWS_CONTROL
 0000:15B1       EMWS_FIXSEG
 0000:1595       EMWS_INITIALSP
 0000:14D5       EMWS_LIMITSP
 0000:15A5       EMWS_NMIVECTOR
 0000:15A1       EMWS_SAVEVECTOR
 0000:15B5       EMWS_STAMP
 0000:15A9       EMWS_STATUS
 0000:15AD       EMWS_TOS
 0000:15B9       EMWS_VERSION
 0000:02C0       _ABORT
 0000:048B       _ATEXIT
 0000:0656       _BRK
 0000:14AF       _ENVIRON
 0000:14BB       _ERRNO
 0000:0321       _EXIT
 0000:0B1B       _FFLUSH
 0000:0BCB       _FPUTC
 0000:0CFB       _FPUTCHAR
 0000:1412       _FREE
 0000:06BD       _FSEEK
 0000:0721       _FTELL
 0000:0780       _ISATTY
 0000:0A8E       _ITOA
 0000:09E4       _LSEEK
 0000:0AD3       _LTOA
 0000:02D8       _MAIN
 0000:0590       _MALLOC
 0000:0B99       _PRINTF
 0000:0664       _SBRK
 0000:0798       _SETVBUF
 0000:0AB7       _ULTOA
 0000:088B       _WRITE
 0000:14BD       __8087
 0000:14AB       __ARGC
 0000:14AD       __ARGV
 0000:1636       __ATEXITCNT
 0000:185E       __ATEXITTBL
 0000:14CD       __BRKLVL
 0000:0000  Abs  __CVTFAK
 0144:0190       __DOSERRNO
 0144:0192       __DOSERRORTOSV
 0000:14B1       __ENVLNG
 0000:14B3       __ENVSEG
 0000:14B5       __ENVSIZE
 0000:0220       __EXIT
 0000:162C       __EXITBUF
 0000:162E       __EXITFOPEN
 0000:1630       __EXITOPEN
 0000:0BB2       __FPUTC
 0000:0D11       __FPUTN
 0000:14C9       __HEAPBASE
 0000:1632       __HEAPLEN
 0000:14D1       __HEAPTOP
 0000:149B       __INT0VECTOR
 0000:149F       __INT4VECTOR
 0000:14A3       __INT5VECTOR
 0000:14A7       __INT6VECTOR
 0000:02E5       __IOERROR
 0000:0A0F       __LONGTOA
 0000:1778       __OPENFD
 0000:14B9       __OSMAJOR
 0000:14BA       __OSMINOR
 0000:14B7       __PSP
 0000:0DCB       __REALCVT
 0000:1856       __REALCVTVECTOR
 0000:0283       __RESTOREZERO
 0000:1858       __SCANTODVECTOR
 0000:0356       __SETARGV
 0000:0441       __SETENVP
 0000:14BF       __STARTTIME
 0000:17A0       __STDINSTARTED
 0000:17A2       __STDOUTSTARTED
 0000:1634       __STKLEN
 0000:1638       __STREAMS
 0000:14B9       __VERSION
 0000:0DFA       __VPRINTER
 0000:099E       __WRITE
 0000:086A       __XFFLUSH
 0000:05FE       ___BRK
 0000:14C5       ___BRKLVL
 0000:18A2       ___FIRST
 0000:14C3       ___HEAPBASE
 0000:14C7       ___HEAPTOP
 0000:189E       ___LAST
 0000:04B1       ___PULL_FREE_BLOCK
 0000:18A0       ___ROVER
 0000:0622       ___SBRK

  Address         Publics by Value

 0000:0000  Abs  __CVTFAK
 0000:0220       __EXIT
 0000:0283       __RESTOREZERO
 0000:02C0       _ABORT
 0000:02D6       DGROUP@
 0000:02D8       _MAIN
 0000:02E5       __IOERROR
 0000:0321       _EXIT
 0000:0356       __SETARGV
 0000:0441       __SETENVP
 0000:048B       _ATEXIT
 0000:04B1       ___PULL_FREE_BLOCK
 0000:0590       _MALLOC
 0000:05FE       ___BRK
 0000:0622       ___SBRK
 0000:0656       _BRK
 0000:0664       _SBRK
 0000:06BD       _FSEEK
 0000:0721       _FTELL
 0000:0780       _ISATTY
 0000:0798       _SETVBUF
 0000:086A       __XFFLUSH
 0000:088B       _WRITE
 0000:099E       __WRITE
 0000:09E4       _LSEEK
 0000:0A0F       __LONGTOA
 0000:0A8E       _ITOA
 0000:0AB7       _ULTOA
 0000:0AD3       _LTOA
 0000:0B1B       _FFLUSH
 0000:0B99       _PRINTF
 0000:0BB2       __FPUTC
 0000:0BCB       _FPUTC
 0000:0CFB       _FPUTCHAR
 0000:0D11       __FPUTN
 0000:0DCB       __REALCVT
 0000:0DFA       __VPRINTER
 0000:1412       _FREE
 0000:149B       __INT0VECTOR
 0000:149F       __INT4VECTOR
 0000:14A3       __INT5VECTOR
 0000:14A7       __INT6VECTOR
 0000:14AB       __ARGC
 0000:14AD       __ARGV
 0000:14AF       _ENVIRON
 0000:14B1       __ENVLNG
 0000:14B3       __ENVSEG
 0000:14B5       __ENVSIZE
 0000:14B7       __PSP
 0000:14B9       __VERSION
 0000:14B9       __OSMAJOR
 0000:14BA       __OSMINOR
 0000:14BB       _ERRNO
 0000:14BD       __8087
 0000:14BF       __STARTTIME
 0000:14C3       ___HEAPBASE
 0000:14C5       ___BRKLVL
 0000:14C7       ___HEAPTOP
 0000:14C9       __HEAPBASE
 0000:14CD       __BRKLVL
 0000:14D1       __HEAPTOP
 0000:14D5       EMWS_LIMITSP
 0000:1595       EMWS_INITIALSP
 0000:15A1       EMWS_SAVEVECTOR
 0000:15A5       EMWS_NMIVECTOR
 0000:15A9       EMWS_STATUS
 0000:15AB       EMWS_CONTROL
 0000:15AD       EMWS_TOS
 0000:15AF       EMWS_ADJUST
 0000:15B1       EMWS_FIXSEG
 0000:15B3       EMWS_BPSAFE
 0000:15B5       EMWS_STAMP
 0000:15B9       EMWS_VERSION
 0144:0190       __DOSERRNO
 0144:0192       __DOSERRORTOSV
 0000:162C       __EXITBUF
 0000:162E       __EXITFOPEN
 0000:1630       __EXITOPEN
 0000:1632       __HEAPLEN
 0000:1634       __STKLEN
 0000:1636       __ATEXITCNT
 0000:1638       __STREAMS
 0000:1778       __OPENFD
 0000:17A0       __STDINSTARTED
 0000:17A2       __STDOUTSTARTED
 0000:1856       __REALCVTVECTOR
 0000:1858       __SCANTODVECTOR
 0000:185E       __ATEXITTBL
 0000:189E       ___LAST
 0000:18A0       ___ROVER
 0000:18A2       ___FIRST


