
 Start  Stop   Length Name               Class

 00000H 01438H 01439H _TEXT              CODE
 01440H 0184FH 00410H _DATA              DATA
 01850H 01853H 00004H _EMUSEG            DATA
 01854H 01855H 00002H _CRTSEG            DATA
 01856H 01857H 00002H _CVTSEG            DATA
 01858H 0185DH 00006H _SCNSEG            DATA
 0185EH 018A3H 00046H _BSS               BSS
 018A4H 018A4H 00000H _BSSEND            STACK

Detailed map of segments

0000:0000 02D8 C=CODE S=_TEXT G=DGROUP M=C0T ACBP=28
0000:02D8 000D C=CODE S=_TEXT G=(none) M=HOLA.C ACBP=28
0000:02E5 003B C=CODE S=_TEXT G=(none) M=IOERROR ACBP=28
0000:0320 0030 C=CODE S=_TEXT G=(none) M=EXIT ACBP=28
0000:0350 0000 C=CODE S=_TEXT G=(none) M=HEAPLEN ACBP=28
0000:0350 00F1 C=CODE S=_TEXT G=(none) M=SETARGV ACBP=28
0000:0441 004A C=CODE S=_TEXT G=(none) M=SETENVP ACBP=28
0000:048B 0000 C=CODE S=_TEXT G=(none) M=STKLEN ACBP=28
0000:048B 0026 C=CODE S=_TEXT G=(none) M=ATEXIT ACBP=28
0000:04B1 014D C=CODE S=_TEXT G=(none) M=MALLOC ACBP=28
0000:05FE 0078 C=CODE S=_TEXT G=(none) M=BRK ACBP=28
0000:0676 0000 C=CODE S=_TEXT G=(none) M=FILES ACBP=28
0000:0676 0000 C=CODE S=_TEXT G=(none) M=FILES2 ACBP=28
0000:0676 010A C=CODE S=_TEXT G=(none) M=FSEEK ACBP=28
0000:0780 0018 C=CODE S=_TEXT G=(none) M=ISATTY ACBP=28
0000:0798 00D2 C=CODE S=_TEXT G=(none) M=SETVBUF ACBP=28
0000:086A 0021 C=CODE S=_TEXT G=(none) M=XFFLUSH ACBP=28
0000:088B 0113 C=CODE S=_TEXT G=(none) M=WRITE ACBP=28
0000:099E 0046 C=CODE S=_TEXT G=(none) M=WRITEA ACBP=28
0000:09E4 002B C=CODE S=_TEXT G=(none) M=LSEEK ACBP=28
0000:0A0F 00EB C=CODE S=_TEXT G=(none) M=LTOA ACBP=28
0000:0AFA 0021 C=CODE S=_TEXT G=(none) M=CVTFAK ACBP=28
0000:0B1B 007E C=CODE S=_TEXT G=(none) M=FFLUSH ACBP=28
0000:0B99 0019 C=CODE S=_TEXT G=(none) M=PRINTF ACBP=28
0000:0BB2 0219 C=CODE S=_TEXT G=(none) M=PUTC ACBP=28
0000:0DCB 0004 C=CODE S=_TEXT G=(none) M=REALCVT ACBP=28
0000:0DCF 052C C=CODE S=_TEXT G=(none) M=VPRINTER ACBP=28
0000:12FB 013E C=CODE S=_TEXT G=(none) M=FREE ACBP=28
0144:0000 017B C=DATA S=_DATA G=DGROUP M=C0T ACBP=68
0144:017C 0014 C=DATA S=_DATA G=DGROUP M=HOLA.C ACBP=48
0144:0190 005B C=DATA S=_DATA G=(none) M=IOERROR ACBP=48
0144:01EC 0006 C=DATA S=_DATA G=DGROUP M=EXIT ACBP=48
0144:01F2 0002 C=DATA S=_DATA G=DGROUP M=HEAPLEN ACBP=48
0144:01F4 0000 C=DATA S=_DATA G=DGROUP M=SETARGV ACBP=48
0144:01F4 0000 C=DATA S=_DATA G=DGROUP M=SETENVP ACBP=48
0144:01F4 0002 C=DATA S=_DATA G=DGROUP M=STKLEN ACBP=48
0144:01F6 0002 C=DATA S=_DATA G=DGROUP M=ATEXIT ACBP=48
0144:01F8 0000 C=DATA S=_DATA G=DGROUP M=MALLOC ACBP=48
0144:01F8 0000 C=DATA S=_DATA G=(none) M=BRK ACBP=48
0144:01F8 0140 C=DATA S=_DATA G=DGROUP M=FILES ACBP=48
0144:0338 0028 C=DATA S=_DATA G=DGROUP M=FILES2 ACBP=48
0144:0360 0000 C=DATA S=_DATA G=DGROUP M=FSEEK ACBP=48
0144:0360 0000 C=DATA S=_DATA G=(none) M=ISATTY ACBP=48
0144:0360 0004 C=DATA S=_DATA G=DGROUP M=SETVBUF ACBP=48
0144:0364 0000 C=DATA S=_DATA G=DGROUP M=XFFLUSH ACBP=48
0144:0364 0000 C=DATA S=_DATA G=DGROUP M=WRITE ACBP=48
0144:0364 0000 C=DATA S=_DATA G=(none) M=WRITEA ACBP=48
0144:0364 0000 C=DATA S=_DATA G=(none) M=LSEEK ACBP=48
0144:0364 0000 C=DATA S=_DATA G=(none) M=LTOA ACBP=48
0144:0364 0031 C=DATA S=_DATA G=DGROUP M=CVTFAK ACBP=48
0144:0396 0000 C=DATA S=_DATA G=DGROUP M=FFLUSH ACBP=48
0144:0396 0000 C=DATA S=_DATA G=DGROUP M=PRINTF ACBP=48
0144:0396 0001 C=DATA S=_DATA G=DGROUP M=PUTC ACBP=48
0144:0398 0077 C=DATA S=_DATA G=DGROUP M=VPRINTER ACBP=48
0144:0410 0000 C=DATA S=_DATA G=DGROUP M=FREE ACBP=48
0185:0000 0004 C=DATA S=_EMUSEG G=DGROUP M=C0T ACBP=58
0185:0004 0002 C=DATA S=_CRTSEG G=DGROUP M=C0T ACBP=58
0185:0006 0000 C=DATA S=_CVTSEG G=DGROUP M=C0T ACBP=48
0185:0006 0002 C=DATA S=_CVTSEG G=(none) M=CVTFAK ACBP=48
0185:0008 0000 C=DATA S=_CVTSEG G=DGROUP M=REALCVT ACBP=48
0185:0008 0000 C=DATA S=_SCNSEG G=DGROUP M=C0T ACBP=48
0185:0008 0006 C=DATA S=_SCNSEG G=(none) M=CVTFAK ACBP=48
0185:000E 0000 C=BSS S=_BSS G=DGROUP M=C0T ACBP=48
0185:000E 0000 C=BSS S=_BSS G=DGROUP M=HOLA.C ACBP=48
0185:000E 0000 C=BSS S=_BSS G=DGROUP M=IOERROR ACBP=48
0185:000E 0000 C=BSS S=_BSS G=DGROUP M=EXIT ACBP=48
0185:000E 0000 C=BSS S=_BSS G=DGROUP M=HEAPLEN ACBP=48
0185:000E 0000 C=BSS S=_BSS G=DGROUP M=STKLEN ACBP=48
0185:000E 0040 C=BSS S=_BSS G=DGROUP M=ATEXIT ACBP=48
0185:004E 0006 C=BSS S=_BSS G=DGROUP M=MALLOC ACBP=48
0185:0054 0000 C=BSS S=_BSS G=DGROUP M=BRK ACBP=48
0185:0054 0000 C=BSS S=_BSS G=DGROUP M=FILES ACBP=48
0185:0054 0000 C=BSS S=_BSS G=DGROUP M=FILES2 ACBP=48
0185:0054 0000 C=BSS S=_BSS G=DGROUP M=FSEEK ACBP=48
0185:0054 0000 C=BSS S=_BSS G=DGROUP M=ISATTY ACBP=48
0185:0054 0000 C=BSS S=_BSS G=DGROUP M=SETVBUF ACBP=48
0185:0054 0000 C=BSS S=_BSS G=DGROUP M=XFFLUSH ACBP=48
0185:0054 0000 C=BSS S=_BSS G=DGROUP M=WRITE ACBP=48
0185:0054 0000 C=BSS S=_BSS G=DGROUP M=WRITEA ACBP=48
0185:0054 0000 C=BSS S=_BSS G=DGROUP M=LSEEK ACBP=48
0185:0054 0000 C=BSS S=_BSS G=DGROUP M=LTOA ACBP=48
0185:0054 0000 C=BSS S=_BSS G=DGROUP M=FFLUSH ACBP=48
0185:0054 0000 C=BSS S=_BSS G=DGROUP M=PRINTF ACBP=48
0185:0054 0000 C=BSS S=_BSS G=DGROUP M=PUTC ACBP=48
0185:0054 0000 C=BSS S=_BSS G=DGROUP M=VPRINTER ACBP=48
0185:0054 0000 C=BSS S=_BSS G=DGROUP M=FREE ACBP=48
018A:0004 0000 C=STACK S=_BSSEND G=DGROUP M=C0T ACBP=28

  Address         Publics by Name

 0000:02D6       DGROUP@
 0000:15AF       emws_adjust
 0000:15B3       emws_BPsafe
 0000:15AB       emws_control
 0000:15B1       emws_fixSeg
 0000:1595       emws_initialSP
 0000:14D5       emws_limitSP
 0000:15A5       emws_nmiVector
 0000:15A1       emws_saveVector
 0000:15B5       emws_stamp
 0000:15A9       emws_status
 0000:15AD       emws_TOS
 0000:15B9       emws_version
 0000:02C0       _abort
 0000:048B       _atexit
 0000:0656       _brk
 0000:14AF       _environ
 0000:14BB       _errno
 0000:0321       _exit
 0000:0B1B       _fflush
 0000:0BCB       _fputc
 0000:0CFB       _fputchar
 0000:1412       _free
 0000:06BD       _fseek
 0000:0721       _ftell
 0000:0780       _isatty
 0000:0A8E       _itoa
 0000:09E4       _lseek
 0000:0AD3       _ltoa
 0000:02D8       _main
 0000:0590       _malloc
 0000:0B99       _printf
 0000:0664       _sbrk
 0000:0798       _setvbuf
 0000:0AB7       _ultoa
 0000:088B       _write
 0000:14BD       __8087
 0000:14AB       __argc
 0000:14AD       __argv
 0000:1636       __atexitcnt
 0000:185E       __atexittbl
 0000:14CD       __brklvl
 0000:0000  Abs  __cvtfak
 0144:0190       __doserrno
 0144:0192       __dosErrorToSV
 0000:14B1       __envLng
 0000:14B3       __envseg
 0000:14B5       __envSize
 0000:0220       __exit
 0000:162C       __exitbuf
 0000:162E       __exitfopen
 0000:1630       __exitopen
 0000:0BB2       __fputc
 0000:0D11       __FPUTN
 0000:14C9       __heapbase
 0000:1632       __heaplen
 0000:14D1       __heaptop
 0000:149B       __Int0Vector
 0000:149F       __Int4Vector
 0000:14A3       __Int5Vector
 0000:14A7       __Int6Vector
 0000:02E5       __IOERROR
 0000:0A0F       __LONGTOA
 0000:1778       __openfd
 0000:14B9       __osmajor
 0000:14BA       __osminor
 0000:14B7       __psp
 0000:0DCB       __REALCVT
 0000:1856       __RealCvtVector
 0000:0283       __restorezero
 0000:1858       __ScanTodVector
 0000:0356       __setargv
 0000:0441       __setenvp
 0000:14BF       __StartTime
 0000:17A0       __stdinStarted
 0000:17A2       __stdoutStarted
 0000:1634       __stklen
 0000:1638       __streams
 0000:14B9       __version
 0000:0DFA       __VPRINTER
 0000:099E       __write
 0000:086A       __xfflush
 0000:05FE       ___brk
 0000:14C5       ___brklvl
 0000:18A2       ___first
 0000:14C3       ___heapbase
 0000:14C7       ___heaptop
 0000:189E       ___last
 0000:04B1       ___pull_free_block
 0000:18A0       ___rover
 0000:0622       ___sbrk

  Address         Publics by Value

 0000:0000  Abs  __cvtfak
 0000:0220       __exit
 0000:0283       __restorezero
 0000:02C0       _abort
 0000:02D6       DGROUP@
 0000:02D8       _main
 0000:02E5       __IOERROR
 0000:0321       _exit
 0000:0356       __setargv
 0000:0441       __setenvp
 0000:048B       _atexit
 0000:04B1       ___pull_free_block
 0000:0590       _malloc
 0000:05FE       ___brk
 0000:0622       ___sbrk
 0000:0656       _brk
 0000:0664       _sbrk
 0000:06BD       _fseek
 0000:0721       _ftell
 0000:0780       _isatty
 0000:0798       _setvbuf
 0000:086A       __xfflush
 0000:088B       _write
 0000:099E       __write
 0000:09E4       _lseek
 0000:0A0F       __LONGTOA
 0000:0A8E       _itoa
 0000:0AB7       _ultoa
 0000:0AD3       _ltoa
 0000:0B1B       _fflush
 0000:0B99       _printf
 0000:0BB2       __fputc
 0000:0BCB       _fputc
 0000:0CFB       _fputchar
 0000:0D11       __FPUTN
 0000:0DCB       __REALCVT
 0000:0DFA       __VPRINTER
 0000:1412       _free
 0000:149B       __Int0Vector
 0000:149F       __Int4Vector
 0000:14A3       __Int5Vector
 0000:14A7       __Int6Vector
 0000:14AB       __argc
 0000:14AD       __argv
 0000:14AF       _environ
 0000:14B1       __envLng
 0000:14B3       __envseg
 0000:14B5       __envSize
 0000:14B7       __psp
 0000:14B9       __version
 0000:14B9       __osmajor
 0000:14BA       __osminor
 0000:14BB       _errno
 0000:14BD       __8087
 0000:14BF       __StartTime
 0000:14C3       ___heapbase
 0000:14C5       ___brklvl
 0000:14C7       ___heaptop
 0000:14C9       __heapbase
 0000:14CD       __brklvl
 0000:14D1       __heaptop
 0000:14D5       emws_limitSP
 0000:1595       emws_initialSP
 0000:15A1       emws_saveVector
 0000:15A5       emws_nmiVector
 0000:15A9       emws_status
 0000:15AB       emws_control
 0000:15AD       emws_TOS
 0000:15AF       emws_adjust
 0000:15B1       emws_fixSeg
 0000:15B3       emws_BPsafe
 0000:15B5       emws_stamp
 0000:15B9       emws_version
 0144:0190       __doserrno
 0144:0192       __dosErrorToSV
 0000:162C       __exitbuf
 0000:162E       __exitfopen
 0000:1630       __exitopen
 0000:1632       __heaplen
 0000:1634       __stklen
 0000:1636       __atexitcnt
 0000:1638       __streams
 0000:1778       __openfd
 0000:17A0       __stdinStarted
 0000:17A2       __stdoutStarted
 0000:1856       __RealCvtVector
 0000:1858       __ScanTodVector
 0000:185E       __atexittbl
 0000:189E       ___last
 0000:18A0       ___rover
 0000:18A2       ___first

Program entry point at 0000:0100
Warning: no stack

