
 Start  Stop   Length Name               Class

 00000H 00145H 00146H _TEXT              CODE
 00146H 00184H 0003FH _DATA              DATA
 00186H 00186H 00000H _BSS               BSS

Detailed map of segments

0000:0000 0109 C=CODE S=_TEXT G=DGROUP M=INICIO.ASM ACBP=48
0000:0109 0019 C=CODE S=_TEXT G=DGROUP M=HOLA.C ACBP=28
0000:0122 0024 C=CODE S=_TEXT G=DGROUP M=STDIO ACBP=48
0000:0146 0000 C=CODE S=_TEXT G=DGROUP M=DUERME ACBP=48
0014:0006 0000 C=DATA S=_DATA G=DGROUP M=INICIO.ASM ACBP=48
0014:0006 0032 C=DATA S=_DATA G=DGROUP M=HOLA.C ACBP=48
0014:0038 0000 C=DATA S=_DATA G=DGROUP M=STDIO ACBP=48
0014:0038 000D C=DATA S=_DATA G=DGROUP M=DUERME ACBP=48
0018:0006 0000 C=BSS S=_BSS G=DGROUP M=INICIO.ASM ACBP=48
0018:0006 0000 C=BSS S=_BSS G=DGROUP M=HOLA.C ACBP=48

  Address         Publics by Name

 0000:0156       _BLOC_DE
 0000:0178       _DUERME
 0000:013A       _GETCH
 0000:0122       _IMPRIME
 0000:0100       _INICIO
 0000:0109       _MAIN
 0000:0146       _PARAMETROS
 0000:0140       _PUTCHAR

  Address         Publics by Value

 0000:0100       _INICIO
 0000:0109       _MAIN
 0000:0122       _IMPRIME
 0000:013A       _GETCH
 0000:0140       _PUTCHAR
 0000:0146       _PARAMETROS
 0000:0156       _BLOC_DE
 0000:0178       _DUERME


