
 Start  Stop   Length Name               Class

 00000H 0189DH 0189EH _TEXT              CODE
 0189EH 01F9AH 006FDH _DATA              DATA
 01F9CH 02135H 0019AH _BSS               BSS

Detailed map of segments

0000:0000 0111 C=CODE S=_TEXT G=DGROUP M=..\CONFIG\INICIO.ASM ACBP=48
0000:0112 0042 C=CODE S=_TEXT G=DGROUP M=..\KERNEL\SALTOS.ASM ACBP=48
0000:0154 003C C=CODE S=_TEXT G=DGROUP M=..\E_S\SALTOSES.ASM ACBP=48
0000:0190 012F C=CODE S=_TEXT G=DGROUP M=MAIN.C ACBP=28
0000:02BF 00D5 C=CODE S=_TEXT G=DGROUP M=TAREA0.C ACBP=28
0000:0394 03F6 C=CODE S=_TEXT G=DGROUP M=SHELL.C ACBP=28
0000:078A 0164 C=CODE S=_TEXT G=DGROUP M=RECEPCIO.C ACBP=28
0000:08EE 0073 C=CODE S=_TEXT G=DGROUP M=..\E_S\IPUERTOS.ASM ACBP=48
0000:0962 00B4 C=CODE S=_TEXT G=DGROUP M=..\COMAND\PRIMCALL.ASM ACBP=48
0000:0A16 0180 C=CODE S=_TEXT G=DGROUP M=ESTADOTK.C ACBP=28
0000:0B96 00BE C=CODE S=_TEXT G=DGROUP M=DUMP.C ACBP=28
0000:0C54 0013 C=CODE S=_TEXT G=DGROUP M=..\UTILES\PEEK.ASM ACBP=48
0000:0C68 0015 C=CODE S=_TEXT G=DGROUP M=..\UTILES\PEEKB.ASM ACBP=48
0000:0C7D 01CC C=CODE S=_TEXT G=DGROUP M=LIBRERIA.C ACBP=28
0000:0E4A 001D C=CODE S=_TEXT G=DGROUP M=..\UTILES\COPIACAM.ASM ACBP=48
0000:0E68 001C C=CODE S=_TEXT G=DGROUP M=..\LIB\SCOPY.ASM ACBP=48
0000:0E84 0076 C=CODE S=_TEXT G=DGROUP M=..\KERNEL\XENVS.ASM ACBP=48
0000:0EFA 0079 C=CODE S=_TEXT G=DGROUP M=..\KERNEL\XATTS.ASM ACBP=48
0000:0F74 00BC C=CODE S=_TEXT G=DGROUP M=..\KERNEL\XENVM.ASM ACBP=48
0000:1030 0056 C=CODE S=_TEXT G=DGROUP M=..\KERNEL\XATTM.ASM ACBP=48
0000:1086 002E C=CODE S=_TEXT G=DGROUP M=..\MEMORIA\INPOOL.ASM ACBP=48
0000:10B4 0053 C=CODE S=_TEXT G=DGROUP M=..\MEMORIA\XLIBM.ASM ACBP=48
0000:1108 00AC C=CODE S=_TEXT G=DGROUP M=..\MEMORIA\XDEMM.ASM ACBP=48
0000:11B4 0044 C=CODE S=_TEXT G=DGROUP M=MENSAJES.C ACBP=28
0000:11F8 00E9 C=CODE S=_TEXT G=DGROUP M=PRUEBMEM.C ACBP=28
0000:12E2 0082 C=CODE S=_TEXT G=DGROUP M=..\KERNEL\SERVINT.ASM ACBP=48
0000:1364 003D C=CODE S=_TEXT G=DGROUP M=..\KERNEL\START.ASM ACBP=48
0000:13A2 00FD C=CODE S=_TEXT G=DGROUP M=..\KERNEL\DRVRTR.ASM ACBP=48
0000:14A0 00B7 C=CODE S=_TEXT G=DGROUP M=..\KERNEL\INISYS.ASM ACBP=48
0000:1558 00BC C=CODE S=_TEXT G=DGROUP M=..\KERNEL\TACHE.ASM ACBP=48
0000:1614 0031 C=CODE S=_TEXT G=DGROUP M=..\KERNEL\XATT.ASM ACBP=48
0000:1646 002E C=CODE S=_TEXT G=DGROUP M=..\KERNEL\FIT.ASM ACBP=48
0000:1674 0154 C=CODE S=_TEXT G=DGROUP M=..\KERNEL\SUB_1.ASM ACBP=48
0000:17C8 0006 C=CODE S=_TEXT G=DGROUP M=..\KERNEL\GSDS.ASM ACBP=48
0000:17CE 0069 C=CODE S=_TEXT G=DGROUP M=..\KERNEL\ESIGIT.ASM ACBP=48
0000:1838 0041 C=CODE S=_TEXT G=DGROUP M=..\KERNEL\CREACION.ASM ACBP=48
0000:187A 0024 C=CODE S=_TEXT G=DGROUP M=STDIO ACBP=48
0000:189E 0000 C=CODE S=_TEXT G=DGROUP M=CTYPE ACBP=28
0189:000E 0006 C=DATA S=_DATA G=DGROUP M=..\CONFIG\INICIO.ASM ACBP=48
0189:0014 0000 C=DATA S=_DATA G=DGROUP M=..\KERNEL\SALTOS.ASM ACBP=48
0189:0014 0000 C=DATA S=_DATA G=DGROUP M=..\E_S\SALTOSES.ASM ACBP=48
0189:0014 0001 C=DATA S=_DATA G=DGROUP M=MAIN.C ACBP=48
0189:0016 0069 C=DATA S=_DATA G=DGROUP M=TAREA0.C ACBP=48
0189:0080 03A0 C=DATA S=_DATA G=DGROUP M=SHELL.C ACBP=48
0189:0420 0004 C=DATA S=_DATA G=DGROUP M=RECEPCIO.C ACBP=48
0189:0424 0000 C=DATA S=_DATA G=DGROUP M=..\E_S\IPUERTOS.ASM ACBP=48
0189:0424 0000 C=DATA S=_DATA G=DGROUP M=..\COMAND\PRIMCALL.ASM ACBP=48
0189:0424 0075 C=DATA S=_DATA G=DGROUP M=ESTADOTK.C ACBP=48
0189:049A 0000 C=DATA S=_DATA G=DGROUP M=DUMP.C ACBP=48
0189:049A 0000 C=DATA S=_DATA G=DGROUP M=..\UTILES\PEEK.ASM ACBP=48
0189:049A 0000 C=DATA S=_DATA G=DGROUP M=..\UTILES\PEEKB.ASM ACBP=48
0189:049A 0000 C=DATA S=_DATA G=DGROUP M=LIBRERIA.C ACBP=48
0189:049A 0000 C=DATA S=_DATA G=DGROUP M=..\UTILES\COPIACAM.ASM ACBP=48
0189:049A 0000 C=DATA S=_DATA G=DGROUP M=..\LIB\SCOPY.ASM ACBP=48
0189:049A 0000 C=DATA S=_DATA G=DGROUP M=..\KERNEL\XENVS.ASM ACBP=48
0189:049A 0000 C=DATA S=_DATA G=DGROUP M=..\KERNEL\XATTS.ASM ACBP=48
0189:049A 0000 C=DATA S=_DATA G=DGROUP M=..\KERNEL\XENVM.ASM ACBP=48
0189:049A 0000 C=DATA S=_DATA G=DGROUP M=..\KERNEL\XATTM.ASM ACBP=48
0189:049A 0000 C=DATA S=_DATA G=DGROUP M=..\MEMORIA\INPOOL.ASM ACBP=48
0189:049A 0000 C=DATA S=_DATA G=DGROUP M=..\MEMORIA\XLIBM.ASM ACBP=48
0189:049A 0000 C=DATA S=_DATA G=DGROUP M=..\MEMORIA\XDEMM.ASM ACBP=48
0189:049A 0066 C=DATA S=_DATA G=DGROUP M=MENSAJES.C ACBP=48
0189:0500 00E3 C=DATA S=_DATA G=DGROUP M=PRUEBMEM.C ACBP=48
0189:05E4 0000 C=DATA S=_DATA G=DGROUP M=..\KERNEL\SERVINT.ASM ACBP=48
0189:05E4 0000 C=DATA S=_DATA G=DGROUP M=..\KERNEL\START.ASM ACBP=48
0189:05E4 0000 C=DATA S=_DATA G=DGROUP M=..\KERNEL\DRVRTR.ASM ACBP=48
0189:05E4 0000 C=DATA S=_DATA G=DGROUP M=..\KERNEL\INISYS.ASM ACBP=48
0189:05E4 0000 C=DATA S=_DATA G=DGROUP M=..\KERNEL\TACHE.ASM ACBP=48
0189:05E4 0000 C=DATA S=_DATA G=DGROUP M=..\KERNEL\XATT.ASM ACBP=48
0189:05E4 0000 C=DATA S=_DATA G=DGROUP M=..\KERNEL\FIT.ASM ACBP=48
0189:05E4 0000 C=DATA S=_DATA G=DGROUP M=..\KERNEL\SUB_1.ASM ACBP=48
0189:05E4 0000 C=DATA S=_DATA G=DGROUP M=..\KERNEL\GSDS.ASM ACBP=48
0189:05E4 0000 C=DATA S=_DATA G=DGROUP M=..\KERNEL\ESIGIT.ASM ACBP=48
0189:05E4 0025 C=DATA S=_DATA G=DGROUP M=..\KERNEL\CREACION.ASM ACBP=48
0189:060A 0000 C=DATA S=_DATA G=DGROUP M=STDIO ACBP=48
0189:060A 0101 C=DATA S=_DATA G=DGROUP M=CTYPE ACBP=48
01F9:000C 004E C=BSS S=_BSS G=DGROUP M=MAIN.C ACBP=48
01F9:005A 0000 C=BSS S=_BSS G=DGROUP M=TAREA0.C ACBP=48
01F9:005A 00C6 C=BSS S=_BSS G=DGROUP M=SHELL.C ACBP=48
01F9:0120 0042 C=BSS S=_BSS G=DGROUP M=RECEPCIO.C ACBP=48
01F9:0162 0044 C=BSS S=_BSS G=DGROUP M=ESTADOTK.C ACBP=48
01F9:01A6 0000 C=BSS S=_BSS G=DGROUP M=DUMP.C ACBP=48
01F9:01A6 0000 C=BSS S=_BSS G=DGROUP M=LIBRERIA.C ACBP=48
01F9:01A6 0000 C=BSS S=_BSS G=DGROUP M=MENSAJES.C ACBP=48
01F9:01A6 0000 C=BSS S=_BSS G=DGROUP M=PRUEBMEM.C ACBP=48
01F9:01A6 0000 C=BSS S=_BSS G=DGROUP M=CTYPE ACBP=48

  Address         Publics by Name

 0000:1E74       BLOC_DE
 0000:1558       CREA_TAREA
 0000:1369       DESPACHADOR
 0000:13A2       DRVRTR
 0000:14A0       INISYS
 0000:1086       INPOOL
 0000:0ED3       LOC_100
 0000:0EFA       LOC_101
 0000:0F2A       LOC_104
 0000:0F74       LOC_108
 0000:1030       LOC_116
 0000:1558       LOC_121
 0000:14A0       LOC_127
 0000:1086       LOC_129
 0000:1108       LOC_130
 0000:10B4       LOC_136
 0000:1364       LOC_2
 0000:13A2       LOC_26_1
 0000:1369       LOC_3
 0000:1646       LOC_42
 0000:1614       LOC_49
 0000:17CE       LOC_83
 0000:0E68       SCOPY@
 0000:1674       SUB_1
 0000:16FD       SUB_3
 0000:176C       SUB_4
 0000:1614       XATT
 0000:1108       XDEMM
 0000:10B4       XLIBM
 0000:209C       _ARGUMENTOS
 0000:09FE       _ASIGMEM
 0000:124F       _ASIGNAMEMORIA
 0000:1FA8       _ATRAS
 0000:073F       _AYUDA
 0000:204C       _BUFFERCOM
 0000:20B2       _BUFFER_REC
 0000:1FAA       _BUFFER_TRA
 0000:1D2A       _B_TAREA_1
 0000:1D4B       _B_TAREA_2
 0000:1FA4       _CABEZA
 0000:0CA5       _CADHEX
 0000:05E5       _CARGAPROG
 0000:1FA0       _COLA
 0000:0E4A       _COPIACAMPO
 0000:0D15       _CPSTR
 0000:1838       _CREACION
 0000:096F       _CREATAREA
 0000:1D6C       _DATOS
 0000:1875       _DATOS_NUCLEO
 0000:20F6       _DESTAREA
 0000:0962       _DUERME
 0000:0B96       _DUMP
 0000:06D5       _EJECUTA
 0000:08BD       _EMIBUF
 0000:099C       _ENVIAMENSAJE
 0000:0980       _ENVIASENAL
 0000:09B0       _ESPERAMENSAJE
 0000:098D       _ESPERASENAL
 0000:0A16       _ESTADOTAREAS
 0000:1CB0       _F
 0000:1FA2       _FLAG
 0000:1FA6       _FRENTE
 0000:057C       _FUNC_DUERME
 0000:05D6       _FUNC_FINAL
 0000:04E9       _FUNC_LISTA
 0000:056A       _FUNC_MEM
 0000:0562       _FUNC_TAREA
 0000:1892       _GETCH
 0000:084C       _GETCHE
 0000:0D54       _GETS
 0000:17C8       _GSDS
 0000:1F9C       _I
 0000:0220       _I8251
 0000:0917       _I8253
 0000:08EE       _I8259
 0000:0948       _II8251
 0000:187A       _IMPRIME
 0000:0813       _IMPRIMES
 0000:09CF       _INICPOZO
 0000:0112       _INT_250
 0000:0154       _INT_ES
 0000:0C7D       _ISSPACE
 0000:12E2       _IT_DRVRTR
 0000:1309       _IT_PARASITA
 0000:0242       _IX8253
 0000:0263       _I_VECTORINT
 0000:1F9E       _J
 0000:07C0       _LEEBUFFER
 0000:09E8       _LIBMEM
 0000:0190       _MAIN
 0000:047D       _MARCA
 0000:07FE       _MGETCH
 0000:0837       _MPUTCHAR
 0000:12F9       _NMI
 0000:204A       _NUMARG
 0000:0439       _OBTMARCA
 0000:1E84       _PARAMETROS
 0000:0C54       _PEEK
 0000:0C68       _PEEKB
 0000:0855       _PONBUFFER
 0000:0DD5       _PONBYTE
 0000:0E00       _PONHEX
 0000:0E27       _PONPALABRA
 0000:11F8       _PRUEBAMEMORIA
 0000:11B4       _PRUEBAMENSAJE
 0000:02A0       _PRUEBATX
 0000:1940       _PTRD
 0000:1910       _PTRFUNC
 0000:20F2       _PTRREG
 0000:1898       _PUTCHAR
 0000:1D3B       _P_TAREA_1
 0000:1D5C       _P_TAREA_2
 0000:1CB2       _R
 0000:078A       _RECBUF
 0000:131A       _RUTIRECEP
 0000:1343       _RUTITRANS
 0000:20B0       _SEGDS
 0000:09C1       _SEGZDS
 0000:0394       _SHELL
 0000:1364       _START
 0000:02BF       _TAREA0
 0000:11C5       _TAREA1CODIGO
 0000:11DD       _TAREA2CODIGO
 0000:1942       _TEXTOAYUDA
 0000:0F74       _XENVM
 0000:1E9A       __CTYPE
 0000:1E94       __F
 0000:189E       __I

  Address         Publics by Value

 0000:0112       _INT_250
 0000:0154       _INT_ES
 0000:0190       _MAIN
 0000:0220       _I8251
 0000:0242       _IX8253
 0000:0263       _I_VECTORINT
 0000:02A0       _PRUEBATX
 0000:02BF       _TAREA0
 0000:0394       _SHELL
 0000:0439       _OBTMARCA
 0000:047D       _MARCA
 0000:04E9       _FUNC_LISTA
 0000:0562       _FUNC_TAREA
 0000:056A       _FUNC_MEM
 0000:057C       _FUNC_DUERME
 0000:05D6       _FUNC_FINAL
 0000:05E5       _CARGAPROG
 0000:06D5       _EJECUTA
 0000:073F       _AYUDA
 0000:078A       _RECBUF
 0000:07C0       _LEEBUFFER
 0000:07FE       _MGETCH
 0000:0813       _IMPRIMES
 0000:0837       _MPUTCHAR
 0000:084C       _GETCHE
 0000:0855       _PONBUFFER
 0000:08BD       _EMIBUF
 0000:08EE       _I8259
 0000:0917       _I8253
 0000:0948       _II8251
 0000:0962       _DUERME
 0000:096F       _CREATAREA
 0000:0980       _ENVIASENAL
 0000:098D       _ESPERASENAL
 0000:099C       _ENVIAMENSAJE
 0000:09B0       _ESPERAMENSAJE
 0000:09C1       _SEGZDS
 0000:09CF       _INICPOZO
 0000:09E8       _LIBMEM
 0000:09FE       _ASIGMEM
 0000:0A16       _ESTADOTAREAS
 0000:0B96       _DUMP
 0000:0C54       _PEEK
 0000:0C68       _PEEKB
 0000:0C7D       _ISSPACE
 0000:0CA5       _CADHEX
 0000:0D15       _CPSTR
 0000:0D54       _GETS
 0000:0DD5       _PONBYTE
 0000:0E00       _PONHEX
 0000:0E27       _PONPALABRA
 0000:0E4A       _COPIACAMPO
 0000:0E68       SCOPY@
 0000:0ED3       LOC_100
 0000:0EFA       LOC_101
 0000:0F2A       LOC_104
 0000:0F74       _XENVM
 0000:0F74       LOC_108
 0000:1030       LOC_116
 0000:1086       INPOOL
 0000:1086       LOC_129
 0000:10B4       XLIBM
 0000:10B4       LOC_136
 0000:1108       XDEMM
 0000:1108       LOC_130
 0000:11B4       _PRUEBAMENSAJE
 0000:11C5       _TAREA1CODIGO
 0000:11DD       _TAREA2CODIGO
 0000:11F8       _PRUEBAMEMORIA
 0000:124F       _ASIGNAMEMORIA
 0000:12E2       _IT_DRVRTR
 0000:12F9       _NMI
 0000:1309       _IT_PARASITA
 0000:131A       _RUTIRECEP
 0000:1343       _RUTITRANS
 0000:1364       _START
 0000:1364       LOC_2
 0000:1369       LOC_3
 0000:1369       DESPACHADOR
 0000:13A2       LOC_26_1
 0000:13A2       DRVRTR
 0000:14A0       LOC_127
 0000:14A0       INISYS
 0000:1558       LOC_121
 0000:1558       CREA_TAREA
 0000:1614       XATT
 0000:1614       LOC_49
 0000:1646       LOC_42
 0000:1674       SUB_1
 0000:16FD       SUB_3
 0000:176C       SUB_4
 0000:17C8       _GSDS
 0000:17CE       LOC_83
 0000:1838       _CREACION
 0000:1875       _DATOS_NUCLEO
 0000:187A       _IMPRIME
 0000:1892       _GETCH
 0000:1898       _PUTCHAR
 0000:189E       __I
 0000:1910       _PTRFUNC
 0000:1940       _PTRD
 0000:1942       _TEXTOAYUDA
 0000:1CB0       _F
 0000:1CB2       _R
 0000:1D2A       _B_TAREA_1
 0000:1D3B       _P_TAREA_1
 0000:1D4B       _B_TAREA_2
 0000:1D5C       _P_TAREA_2
 0000:1D6C       _DATOS
 0000:1E74       BLOC_DE
 0000:1E84       _PARAMETROS
 0000:1E94       __F
 0000:1E9A       __CTYPE
 0000:1F9C       _I
 0000:1F9E       _J
 0000:1FA0       _COLA
 0000:1FA2       _FLAG
 0000:1FA4       _CABEZA
 0000:1FA6       _FRENTE
 0000:1FA8       _ATRAS
 0000:1FAA       _BUFFER_TRA
 0000:204A       _NUMARG
 0000:204C       _BUFFERCOM
 0000:209C       _ARGUMENTOS
 0000:20B0       _SEGDS
 0000:20B2       _BUFFER_REC
 0000:20F2       _PTRREG
 0000:20F6       _DESTAREA


